


ARM Macro Assembler    Page 1 


    1 00000000                 AREA             FirstProgram, CODE, READONLY
    2 00000000                 IMPORT           main
    3 00000000                 EXPORT           start
    4 00000000         
    5 00000000         start
    6 00000000 E59F1034        LDR              r1,=teststr ;variable
    7 00000004 E3A03000        LDR              r3,=0
    8 00000008 E3A04000        ldr              r4, =0      ;charCount
    9 0000000C         
   10 0000000C EA000004        B                testwh1
   11 00000010 E3500020 
                       wh1     CMP              r0, #0x20   ;if statement
   12 00000014 12844001        ADDNE            r4, r4, #1  ;if(c != ' ') charC
                                                            ount++;
   13 00000018 1A000001        BNE              endif
   14 0000001C E2833001        ADD              r3,r3,#1    ;counter increment
   15 00000020 E3A04000        mov              r4, #0      ;if(c == ' ') charC
                                                            ount=0;
   16 00000024         endif
   17 00000024 E4D10001 
                       testwh1 LDRB             r0,[r1],#1
   18 00000028 E3500000        CMP              r0,#0       ;wh!=0
   19 0000002C 1AFFFFF7        BNE              wh1
   20 00000030 E3540000        cmp              r4, #0
   21 00000034 12833001        addne            r3, r3, #1
   22 00000038 EAFFFFFE 
                       stop    B                stop
   23 0000003C 00000000        AREA             TestData, Data, READWRITE
   24 00000000 74 65 73 
              74 20 73 
              74 72 69 
              6E 67 00 teststr DCB              "test string",0
   25 0000000C                 END
Command Line: --debug --xref --apcs=interwork --depend=.\firstprogram.d -o.\fir
stprogram.o -IC:\Keil\ARM\RV31\INC -IC:\Keil\ARM\CMSIS\Include -IC:\Keil\ARM\In
c\Philips --predefine="__EVAL SETA 1" --predefine="__MICROLIB SETA 1" --predefi
ne="NO_CLOCK_SETUP SETA 1" --predefine="NO_EMC_SETUP SETA 1" --predefine="RAM_I
NTVEC SETA 1" --predefine="RAM_MODE SETA 1" --predefine="REMAP SETA 1" --list=.
\firstprogram.lst FirstProgram.s



ARM Macro Assembler    Page 1 Alphabetic symbol ordering
Relocatable symbols

FirstProgram 00000000

Symbol: FirstProgram
   Definitions
      At line 1 in file FirstProgram.s
   Uses
      None
Comment: FirstProgram unused
endif 00000024

Symbol: endif
   Definitions
      At line 16 in file FirstProgram.s
   Uses
      At line 13 in file FirstProgram.s
Comment: endif used once
start 00000000

Symbol: start
   Definitions
      At line 5 in file FirstProgram.s
   Uses
      At line 3 in file FirstProgram.s
Comment: start used once
stop 00000038

Symbol: stop
   Definitions
      At line 22 in file FirstProgram.s
   Uses
      At line 22 in file FirstProgram.s
Comment: stop used once
testwh1 00000024

Symbol: testwh1
   Definitions
      At line 17 in file FirstProgram.s
   Uses
      At line 10 in file FirstProgram.s
Comment: testwh1 used once
wh1 00000010

Symbol: wh1
   Definitions
      At line 11 in file FirstProgram.s
   Uses
      At line 19 in file FirstProgram.s
Comment: wh1 used once
6 symbols



ARM Macro Assembler    Page 1 Alphabetic symbol ordering
Relocatable symbols

TestData 00000000

Symbol: TestData
   Definitions
      At line 23 in file FirstProgram.s
   Uses
      None
Comment: TestData unused
teststr 00000000

Symbol: teststr
   Definitions
      At line 24 in file FirstProgram.s
   Uses
      At line 6 in file FirstProgram.s
Comment: teststr used once
2 symbols



ARM Macro Assembler    Page 1 Alphabetic symbol ordering
External symbols

main 00000000

Symbol: main
   Definitions
      At line 2 in file FirstProgram.s
   Uses
      None
Comment: main unused
1 symbol
348 symbols in table
