


ARM Macro Assembler    Page 1 


    1 00000000                 AREA             FirstProgram, CODE, READONLY
    2 00000000                 IMPORT           main
    3 00000000                 EXPORT           start
    4 00000000         
    5 00000000         start
    6 00000000         ;static variable x=1
    7 00000000 E3A00001        LDR              r0, =1
    8 00000004         
    9 00000004         ;ax^3 + bx^2 + cx 
   10 00000004         
   11 00000004         ;6x^4
   12 00000004 E0010090        MUL              r1, r0, r0
   13 00000008 E0010190        MUL              r1, r0, r1
   14 0000000C E0010190        MUL              r1, r0, r1
   15 00000010 E3A02006        LDR              r2, =6
   16 00000014 E0010192        MUL              r1, r2, r1
   17 00000018         
   18 00000018         ;-4x^2
   19 00000018 E0030090        MUL              r3, r0, r0
   20 0000001C E59F4014        LDR              r4, =-4
   21 00000020 E0030394        MUL              r3, r4, r3
   22 00000024         
   23 00000024         ;6x
   24 00000024 E3A05006        LDR              r5, =6
   25 00000028 E0050590        MUL              r5, r0, r5
   26 0000002C         
   27 0000002C         ;concatenate
   28 0000002C E0810003        ADD              r0, r1, r3
   29 00000030 E0800005        ADD              r0, r0, r5
   30 00000034         
   31 00000034 EAFFFFFE 
                       stop    B                stop
   32 00000038         
   33 00000038                 END
              FFFFFFFC 
Command Line: --debug --xref --apcs=interwork --depend=.\firstprogram.d -o.\fir
stprogram.o -IC:\Keil\ARM\RV31\INC -IC:\Keil\ARM\CMSIS\Include -IC:\Keil\ARM\In
c\Philips --predefine="__EVAL SETA 1" --predefine="__MICROLIB SETA 1" --predefi
ne="NO_CLOCK_SETUP SETA 1" --predefine="NO_EMC_SETUP SETA 1" --predefine="RAM_I
NTVEC SETA 1" --predefine="RAM_MODE SETA 1" --predefine="REMAP SETA 1" --list=.
\firstprogram.lst FirstProgram.s



ARM Macro Assembler    Page 1 Alphabetic symbol ordering
Relocatable symbols

FirstProgram 00000000

Symbol: FirstProgram
   Definitions
      At line 1 in file FirstProgram.s
   Uses
      None
Comment: FirstProgram unused
start 00000000

Symbol: start
   Definitions
      At line 5 in file FirstProgram.s
   Uses
      At line 3 in file FirstProgram.s
Comment: start used once
stop 00000034

Symbol: stop
   Definitions
      At line 31 in file FirstProgram.s
   Uses
      At line 31 in file FirstProgram.s
Comment: stop used once
3 symbols



ARM Macro Assembler    Page 1 Alphabetic symbol ordering
External symbols

main 00000000

Symbol: main
   Definitions
      At line 2 in file FirstProgram.s
   Uses
      None
Comment: main unused
1 symbol
343 symbols in table
