<html>
<body>
<pre>
<h1>µVision Build Log</h1>
<h2>Project:</h2>
Z:\Documents\Micro I\Assignment 2\Logic and Shift Solution\Lab.1.1.FirstProgram\FirstProgram.uvproj
Project File Date:  08/01/2010

<h2>Output:</h2>
Build target 'LPC2468 Ext SDRAM'
linking...
Program Size: Code=860 RO-data=32 RW-data=4 ZI-data=2052  
".\FirstProgram.axf" - 0 Error(s), 0 Warning(s).
</pre>
</body>
</html>
 warning, 0 error and 1 fatal error messages.
".\FirstProgram.axf" - 1 Error(s), 0 Warning(s).
Target not created
ning(s).
Target not created
am.s(37): error: A1147E: Bad shift name
FirstProgram.s(41): error: A1147E: Bad shift name
FirstProgram.s(45): error: A1147E: Bad shift name
FirstProgram.s(49): error: A1147E: Bad shift name
".\FirstProgram.axf" - 9 Error(s), 0 Warning(s).
Target not created

